[START] uk2005 FOREST remove 0 -> updates/uk2005/forest_remove_0.txt
[START] uk2005 FOREST remove 1 -> updates/uk2005/forest_remove_1.txt
[START] uk2005 PPT remove 0 -> updates/uk2005/ppt_remove_0.txt
[DONE] uk2005 PPT remove 0
[START] it2004 FOREST remove 0 -> updates/it2004/forest_remove_0.txt
[DONE] uk2005 FOREST remove 1
[START] it2004 FOREST remove 1 -> updates/it2004/forest_remove_1.txt
[DONE] it2004 FOREST remove 1
[START] it2004 PPT remove 0 -> updates/it2004/ppt_remove_0.txt
[DONE] uk2005 FOREST remove 0
[START] it2004 PPT remove 1 -> updates/it2004/ppt_remove_1.txt
[DONE] it2004 PPT remove 1
[START] friendster FOREST remove 0 -> updates/friendster/forest_remove_0.txt
[DONE] it2004 PPT remove 0
[START] friendster FOREST remove 1 -> updates/friendster/forest_remove_1.txt
[DONE] friendster FOREST remove 1
[START] friendster PPT remove 0 -> updates/friendster/ppt_remove_0.txt
[DONE] it2004 FOREST remove 0
[START] friendster PPT remove 1 -> updates/friendster/ppt_remove_1.txt
[DONE] friendster PPT remove 1
[START] it2004 FOREST insert 0 -> updates/it2004/forest_insert_0.txt
[DONE] friendster PPT remove 0
[START] it2004 FOREST insert 1 -> updates/it2004/forest_insert_1.txt
[DONE] friendster FOREST remove 0
[START] it2004 PPT insert 0 -> updates/it2004/ppt_insert_0.txt
[DONE] it2004 FOREST insert 1
[START] it2004 PPT insert 1 -> updates/it2004/ppt_insert_1.txt
[DONE] it2004 PPT insert 1
[START] friendster FOREST insert 0 -> updates/friendster/forest_insert_0.txt
[DONE] it2004 PPT insert 0
[START] friendster FOREST insert 1 -> updates/friendster/forest_insert_1.txt
[DONE] friendster FOREST insert 1
[DONE] friendster FOREST insert 0
[DONE] it2004 FOREST insert 0
Finished 17 tasks; failed: 0.
